[[34m2026-10-05T00:59:58.960+0500[0m] {[34mdagbag.py:[0m538} INFO[0m - Filling up the DagBag from /mnt/c/Users/Akniet/OneDrive/Desktop/snip/airflow-homework/dags[0m
[[34m2026-10-05T00:59:59.414+0500[0m] {[34mdag.py:[0m4066} INFO[0m - dagrun id: popular_people_pipeline[0m
[[34m2026-10-05T00:59:59.427+0500[0m] {[34mdag.py:[0m4082} INFO[0m - created dagrun <DagRun popular_people_pipeline @ 2024-01-01T00:00:00+00:00: manual__2024-01-01T00:00:00+00:00, state:running, queued_at: None. externally triggered: False>[0m
[[34m2026-10-05T00:59:59.457+0500[0m] {[34mdag.py:[0m4028} INFO[0m - [DAG TEST] starting task_id=start map_index=-1[0m
[[34m2026-10-05T00:59:59.458+0500[0m] {[34mdag.py:[0m4031} INFO[0m - [DAG TEST] running task <TaskInstance: popular_people_pipeline.start manual__2024-01-01T00:00:00+00:00 [scheduled]>[0m
[2026-10-05 00:59:59,524] {taskinstance.py:2481} INFO - Exporting env vars: AIRFLOW_CTX_DAG_OWNER='student' AIRFLOW_CTX_DAG_ID='popular_people_pipeline' AIRFLOW_CTX_TASK_ID='start' AIRFLOW_CTX_EXECUTION_DATE='2024-01-01T00:00:00+00:00' AIRFLOW_CTX_TRY_NUMBER='1' AIRFLOW_CTX_DAG_RUN_ID='manual__2024-01-01T00:00:00+00:00'
[[34m2026-10-05T00:59:59.524+0500[0m] {[34mtaskinstance.py:[0m2481} INFO[0m - Exporting env vars: AIRFLOW_CTX_DAG_OWNER='student' AIRFLOW_CTX_DAG_ID='popular_people_pipeline' AIRFLOW_CTX_TASK_ID='start' AIRFLOW_CTX_EXECUTION_DATE='2024-01-01T00:00:00+00:00' AIRFLOW_CTX_TRY_NUMBER='1' AIRFLOW_CTX_DAG_RUN_ID='manual__2024-01-01T00:00:00+00:00'[0m
[[34m2026-10-05T00:59:59.536+0500[0m] {[34mtaskinstance.py:[0m1138} INFO[0m - Marking task as SUCCESS. dag_id=popular_people_pipeline, task_id=start, execution_date=20240101T000000, start_date=, end_date=20261004T195959[0m
[[34m2026-10-05T00:59:59.549+0500[0m] {[34mdag.py:[0m4042} INFO[0m - [DAG TEST] end task task_id=start map_index=-1[0m
[[34m2026-10-05T00:59:59.574+0500[0m] {[34mdag.py:[0m4028} INFO[0m - [DAG TEST] starting task_id=check_schema map_index=-1[0m
[[34m2026-10-05T00:59:59.575+0500[0m] {[34mdag.py:[0m4031} INFO[0m - [DAG TEST] running task <TaskInstance: popular_people_pipeline.check_schema manual__2024-01-01T00:00:00+00:00 [scheduled]>[0m
[2026-10-05 00:59:59,605] {taskinstance.py:2481} INFO - Exporting env vars: AIRFLOW_CTX_DAG_OWNER='student' AIRFLOW_CTX_DAG_ID='popular_people_pipeline' AIRFLOW_CTX_TASK_ID='check_schema' AIRFLOW_CTX_EXECUTION_DATE='2024-01-01T00:00:00+00:00' AIRFLOW_CTX_TRY_NUMBER='1' AIRFLOW_CTX_DAG_RUN_ID='manual__2024-01-01T00:00:00+00:00'
[[34m2026-10-05T00:59:59.605+0500[0m] {[34mtaskinstance.py:[0m2481} INFO[0m - Exporting env vars: AIRFLOW_CTX_DAG_OWNER='student' AIRFLOW_CTX_DAG_ID='popular_people_pipeline' AIRFLOW_CTX_TASK_ID='check_schema' AIRFLOW_CTX_EXECUTION_DATE='2024-01-01T00:00:00+00:00' AIRFLOW_CTX_TRY_NUMBER='1' AIRFLOW_CTX_DAG_RUN_ID='manual__2024-01-01T00:00:00+00:00'[0m
[2026-10-05 00:59:59,611] {python.py:201} INFO - Done. Returned value was: {'columns': ['name', 'gender', 'known_for_department', 'original_name', 'popularity'], 'status': 'OK'}
[[34m2026-10-05T00:59:59.611+0500[0m] {[34mpython.py:[0m201} INFO[0m - Done. Returned value was: {'columns': ['name', 'gender', 'known_for_department', 'original_name', 'popularity'], 'status': 'OK'}[0m
[[34m2026-10-05T00:59:59.626+0500[0m] {[34mtaskinstance.py:[0m1138} INFO[0m - Marking task as SUCCESS. dag_id=popular_people_pipeline, task_id=check_schema, execution_date=20240101T000000, start_date=, end_date=20261004T195959[0m
[[34m2026-10-05T00:59:59.635+0500[0m] {[34mdag.py:[0m4042} INFO[0m - [DAG TEST] end task task_id=check_schema map_index=-1[0m
[[34m2026-10-05T00:59:59.636+0500[0m] {[34mdag.py:[0m4028} INFO[0m - [DAG TEST] starting task_id=validate_data map_index=-1[0m
[[34m2026-10-05T00:59:59.637+0500[0m] {[34mdag.py:[0m4031} INFO[0m - [DAG TEST] running task <TaskInstance: popular_people_pipeline.validate_data manual__2024-01-01T00:00:00+00:00 [scheduled]>[0m
[2026-10-05 00:59:59,671] {taskinstance.py:2481} INFO - Exporting env vars: AIRFLOW_CTX_DAG_OWNER='student' AIRFLOW_CTX_DAG_ID='popular_people_pipeline' AIRFLOW_CTX_TASK_ID='validate_data' AIRFLOW_CTX_EXECUTION_DATE='2024-01-01T00:00:00+00:00' AIRFLOW_CTX_TRY_NUMBER='1' AIRFLOW_CTX_DAG_RUN_ID='manual__2024-01-01T00:00:00+00:00'
[[34m2026-10-05T00:59:59.671+0500[0m] {[34mtaskinstance.py:[0m2481} INFO[0m - Exporting env vars: AIRFLOW_CTX_DAG_OWNER='student' AIRFLOW_CTX_DAG_ID='popular_people_pipeline' AIRFLOW_CTX_TASK_ID='validate_data' AIRFLOW_CTX_EXECUTION_DATE='2024-01-01T00:00:00+00:00' AIRFLOW_CTX_TRY_NUMBER='1' AIRFLOW_CTX_DAG_RUN_ID='manual__2024-01-01T00:00:00+00:00'[0m
[2026-10-05 00:59:59,716] {python.py:201} INFO - Done. Returned value was: {'row_count': 9980, 'status': 'OK'}
[[34m2026-10-05T00:59:59.716+0500[0m] {[34mpython.py:[0m201} INFO[0m - Done. Returned value was: {'row_count': 9980, 'status': 'OK'}[0m
[[34m2026-10-05T00:59:59.738+0500[0m] {[34mtaskinstance.py:[0m1138} INFO[0m - Marking task as SUCCESS. dag_id=popular_people_pipeline, task_id=validate_data, execution_date=20240101T000000, start_date=, end_date=20261004T195959[0m
[[34m2026-10-05T00:59:59.753+0500[0m] {[34mdag.py:[0m4042} INFO[0m - [DAG TEST] end task task_id=validate_data map_index=-1[0m
[[34m2026-10-05T00:59:59.769+0500[0m] {[34mdag.py:[0m4028} INFO[0m - [DAG TEST] starting task_id=spark_load map_index=-1[0m
[[34m2026-10-05T00:59:59.770+0500[0m] {[34mdag.py:[0m4031} INFO[0m - [DAG TEST] running task <TaskInstance: popular_people_pipeline.spark_load manual__2024-01-01T00:00:00+00:00 [scheduled]>[0m
[2026-10-05 00:59:59,792] {taskinstance.py:2481} INFO - Exporting env vars: AIRFLOW_CTX_DAG_OWNER='student' AIRFLOW_CTX_DAG_ID='popular_people_pipeline' AIRFLOW_CTX_TASK_ID='spark_load' AIRFLOW_CTX_EXECUTION_DATE='2024-01-01T00:00:00+00:00' AIRFLOW_CTX_TRY_NUMBER='1' AIRFLOW_CTX_DAG_RUN_ID='manual__2024-01-01T00:00:00+00:00'
[[34m2026-10-05T00:59:59.792+0500[0m] {[34mtaskinstance.py:[0m2481} INFO[0m - Exporting env vars: AIRFLOW_CTX_DAG_OWNER='student' AIRFLOW_CTX_DAG_ID='popular_people_pipeline' AIRFLOW_CTX_TASK_ID='spark_load' AIRFLOW_CTX_EXECUTION_DATE='2024-01-01T00:00:00+00:00' AIRFLOW_CTX_TRY_NUMBER='1' AIRFLOW_CTX_DAG_RUN_ID='manual__2024-01-01T00:00:00+00:00'[0m
Setting default log level to "WARN".
To adjust logging level use sc.setLogLevel(newLevel). For SparkR, use setLogLevel(newLevel).
26/10/05 01:00:01 WARN NativeCodeLoader: Unable to load native-hadoop library for your platform... using builtin-java classes where applicable
[2026-10-05 01:00:07,500] {python.py:201} INFO - Done. Returned value was: {'row_count': 9980, 'columns': ['name', 'gender', 'known_for_department', 'original_name', 'popularity'], 'spark_version': '3.4.0'}
[[34m2026-10-05T01:00:07.500+0500[0m] {[34mpython.py:[0m201} INFO[0m - Done. Returned value was: {'row_count': 9980, 'columns': ['name', 'gender', 'known_for_department', 'original_name', 'popularity'], 'spark_version': '3.4.0'}[0m
[[34m2026-10-05T01:00:07.530+0500[0m] {[34mtaskinstance.py:[0m1138} INFO[0m - Marking task as SUCCESS. dag_id=popular_people_pipeline, task_id=spark_load, execution_date=20240101T000000, start_date=, end_date=20261004T200007[0m
[[34m2026-10-05T01:00:07.543+0500[0m] {[34mdag.py:[0m4042} INFO[0m - [DAG TEST] end task task_id=spark_load map_index=-1[0m
[[34m2026-10-05T01:00:07.561+0500[0m] {[34mdag.py:[0m4028} INFO[0m - [DAG TEST] starting task_id=spark_clean map_index=-1[0m
[[34m2026-10-05T01:00:07.562+0500[0m] {[34mdag.py:[0m4031} INFO[0m - [DAG TEST] running task <TaskInstance: popular_people_pipeline.spark_clean manual__2024-01-01T00:00:00+00:00 [scheduled]>[0m
[2026-10-05 01:00:07,583] {taskinstance.py:2481} INFO - Exporting env vars: AIRFLOW_CTX_DAG_OWNER='student' AIRFLOW_CTX_DAG_ID='popular_people_pipeline' AIRFLOW_CTX_TASK_ID='spark_clean' AIRFLOW_CTX_EXECUTION_DATE='2024-01-01T00:00:00+00:00' AIRFLOW_CTX_TRY_NUMBER='1' AIRFLOW_CTX_DAG_RUN_ID='manual__2024-01-01T00:00:00+00:00'
[[34m2026-10-05T01:00:07.583+0500[0m] {[34mtaskinstance.py:[0m2481} INFO[0m - Exporting env vars: AIRFLOW_CTX_DAG_OWNER='student' AIRFLOW_CTX_DAG_ID='popular_people_pipeline' AIRFLOW_CTX_TASK_ID='spark_clean' AIRFLOW_CTX_EXECUTION_DATE='2024-01-01T00:00:00+00:00' AIRFLOW_CTX_TRY_NUMBER='1' AIRFLOW_CTX_DAG_RUN_ID='manual__2024-01-01T00:00:00+00:00'[0m
[Stage 5:>                                                          (0 + 1) / 1]                                                                                [2026-10-05 01:00:10,657] {python.py:201} INFO - Done. Returned value was: 9975
[[34m2026-10-05T01:00:10.657+0500[0m] {[34mpython.py:[0m201} INFO[0m - Done. Returned value was: 9975[0m
[[34m2026-10-05T01:00:10.668+0500[0m] {[34mtaskinstance.py:[0m1138} INFO[0m - Marking task as SUCCESS. dag_id=popular_people_pipeline, task_id=spark_clean, execution_date=20240101T000000, start_date=, end_date=20261004T200010[0m
[[34m2026-10-05T01:00:10.675+0500[0m] {[34mdag.py:[0m4042} INFO[0m - [DAG TEST] end task task_id=spark_clean map_index=-1[0m
[[34m2026-10-05T01:00:10.688+0500[0m] {[34mdag.py:[0m4028} INFO[0m - [DAG TEST] starting task_id=spark_sql_analysis map_index=-1[0m
[[34m2026-10-05T01:00:10.689+0500[0m] {[34mdag.py:[0m4031} INFO[0m - [DAG TEST] running task <TaskInstance: popular_people_pipeline.spark_sql_analysis manual__2024-01-01T00:00:00+00:00 [scheduled]>[0m
[2026-10-05 01:00:10,710] {taskinstance.py:2481} INFO - Exporting env vars: AIRFLOW_CTX_DAG_OWNER='student' AIRFLOW_CTX_DAG_ID='popular_people_pipeline' AIRFLOW_CTX_TASK_ID='spark_sql_analysis' AIRFLOW_CTX_EXECUTION_DATE='2024-01-01T00:00:00+00:00' AIRFLOW_CTX_TRY_NUMBER='1' AIRFLOW_CTX_DAG_RUN_ID='manual__2024-01-01T00:00:00+00:00'
[[34m2026-10-05T01:00:10.710+0500[0m] {[34mtaskinstance.py:[0m2481} INFO[0m - Exporting env vars: AIRFLOW_CTX_DAG_OWNER='student' AIRFLOW_CTX_DAG_ID='popular_people_pipeline' AIRFLOW_CTX_TASK_ID='spark_sql_analysis' AIRFLOW_CTX_EXECUTION_DATE='2024-01-01T00:00:00+00:00' AIRFLOW_CTX_TRY_NUMBER='1' AIRFLOW_CTX_DAG_RUN_ID='manual__2024-01-01T00:00:00+00:00'[0m
[2026-10-05 01:00:15,805] {python.py:201} INFO - Done. Returned value was: {'dept_stats': '/mnt/c/Users/Akniet/OneDrive/Desktop/snip/airflow-homework/output/reports/dept_stats', 'gender_distribution': '/mnt/c/Users/Akniet/OneDrive/Desktop/snip/airflow-homework/output/reports/gender_distribution', 'top3_by_dept': '/mnt/c/Users/Akniet/OneDrive/Desktop/snip/airflow-homework/output/reports/top3_by_dept'}
[[34m2026-10-05T01:00:15.805+0500[0m] {[34mpython.py:[0m201} INFO[0m - Done. Returned value was: {'dept_stats': '/mnt/c/Users/Akniet/OneDrive/Desktop/snip/airflow-homework/output/reports/dept_stats', 'gender_distribution': '/mnt/c/Users/Akniet/OneDrive/Desktop/snip/airflow-homework/output/reports/gender_distribution', 'top3_by_dept': '/mnt/c/Users/Akniet/OneDrive/Desktop/snip/airflow-homework/output/reports/top3_by_dept'}[0m
[[34m2026-10-05T01:00:15.818+0500[0m] {[34mtaskinstance.py:[0m1138} INFO[0m - Marking task as SUCCESS. dag_id=popular_people_pipeline, task_id=spark_sql_analysis, execution_date=20240101T000000, start_date=, end_date=20261004T200015[0m
[[34m2026-10-05T01:00:15.826+0500[0m] {[34mdag.py:[0m4042} INFO[0m - [DAG TEST] end task task_id=spark_sql_analysis map_index=-1[0m
[[34m2026-10-05T01:00:15.827+0500[0m] {[34mdag.py:[0m4028} INFO[0m - [DAG TEST] starting task_id=spark_partition_write map_index=-1[0m
[[34m2026-10-05T01:00:15.828+0500[0m] {[34mdag.py:[0m4031} INFO[0m - [DAG TEST] running task <TaskInstance: popular_people_pipeline.spark_partition_write manual__2024-01-01T00:00:00+00:00 [scheduled]>[0m
[2026-10-05 01:00:15,849] {taskinstance.py:2481} INFO - Exporting env vars: AIRFLOW_CTX_DAG_OWNER='student' AIRFLOW_CTX_DAG_ID='popular_people_pipeline' AIRFLOW_CTX_TASK_ID='spark_partition_write' AIRFLOW_CTX_EXECUTION_DATE='2024-01-01T00:00:00+00:00' AIRFLOW_CTX_TRY_NUMBER='1' AIRFLOW_CTX_DAG_RUN_ID='manual__2024-01-01T00:00:00+00:00'
[[34m2026-10-05T01:00:15.849+0500[0m] {[34mtaskinstance.py:[0m2481} INFO[0m - Exporting env vars: AIRFLOW_CTX_DAG_OWNER='student' AIRFLOW_CTX_DAG_ID='popular_people_pipeline' AIRFLOW_CTX_TASK_ID='spark_partition_write' AIRFLOW_CTX_EXECUTION_DATE='2024-01-01T00:00:00+00:00' AIRFLOW_CTX_TRY_NUMBER='1' AIRFLOW_CTX_DAG_RUN_ID='manual__2024-01-01T00:00:00+00:00'[0m
[Stage 3:>                                                          (0 + 4) / 4]                                                                                [2026-10-05 01:00:22,930] {python.py:201} INFO - Done. Returned value was: {'path': '/mnt/c/Users/Akniet/OneDrive/Desktop/snip/airflow-homework/output/partitioned', 'row_count': 9975}
[[34m2026-10-05T01:00:22.930+0500[0m] {[34mpython.py:[0m201} INFO[0m - Done. Returned value was: {'path': '/mnt/c/Users/Akniet/OneDrive/Desktop/snip/airflow-homework/output/partitioned', 'row_count': 9975}[0m
[[34m2026-10-05T01:00:22.952+0500[0m] {[34mtaskinstance.py:[0m1138} INFO[0m - Marking task as SUCCESS. dag_id=popular_people_pipeline, task_id=spark_partition_write, execution_date=20240101T000000, start_date=, end_date=20261004T200022[0m
[[34m2026-10-05T01:00:22.965+0500[0m] {[34mdag.py:[0m4042} INFO[0m - [DAG TEST] end task task_id=spark_partition_write map_index=-1[0m
[[34m2026-10-05T01:00:22.985+0500[0m] {[34mdag.py:[0m4028} INFO[0m - [DAG TEST] starting task_id=generate_report map_index=-1[0m
[[34m2026-10-05T01:00:22.987+0500[0m] {[34mdag.py:[0m4031} INFO[0m - [DAG TEST] running task <TaskInstance: popular_people_pipeline.generate_report manual__2024-01-01T00:00:00+00:00 [scheduled]>[0m
[2026-10-05 01:00:23,024] {taskinstance.py:2481} INFO - Exporting env vars: AIRFLOW_CTX_DAG_OWNER='student' AIRFLOW_CTX_DAG_ID='popular_people_pipeline' AIRFLOW_CTX_TASK_ID='generate_report' AIRFLOW_CTX_EXECUTION_DATE='2024-01-01T00:00:00+00:00' AIRFLOW_CTX_TRY_NUMBER='1' AIRFLOW_CTX_DAG_RUN_ID='manual__2024-01-01T00:00:00+00:00'
[[34m2026-10-05T01:00:23.024+0500[0m] {[34mtaskinstance.py:[0m2481} INFO[0m - Exporting env vars: AIRFLOW_CTX_DAG_OWNER='student' AIRFLOW_CTX_DAG_ID='popular_people_pipeline' AIRFLOW_CTX_TASK_ID='generate_report' AIRFLOW_CTX_EXECUTION_DATE='2024-01-01T00:00:00+00:00' AIRFLOW_CTX_TRY_NUMBER='1' AIRFLOW_CTX_DAG_RUN_ID='manual__2024-01-01T00:00:00+00:00'[0m
[2026-10-05 01:00:24,608] {python.py:201} INFO - Done. Returned value was: {'row_count': 9975, 'avg_popularity': 2.124172501253135, 'report_path': '/mnt/c/Users/Akniet/OneDrive/Desktop/snip/airflow-homework/output/final_report.txt', 'created_at': '2026-10-05T01:00:24'}
[[34m2026-10-05T01:00:24.608+0500[0m] {[34mpython.py:[0m201} INFO[0m - Done. Returned value was: {'row_count': 9975, 'avg_popularity': 2.124172501253135, 'report_path': '/mnt/c/Users/Akniet/OneDrive/Desktop/snip/airflow-homework/output/final_report.txt', 'created_at': '2026-10-05T01:00:24'}[0m
[[34m2026-10-05T01:00:24.629+0500[0m] {[34mtaskinstance.py:[0m1138} INFO[0m - Marking task as SUCCESS. dag_id=popular_people_pipeline, task_id=generate_report, execution_date=20240101T000000, start_date=, end_date=20261004T200024[0m
[[34m2026-10-05T01:00:24.650+0500[0m] {[34mdag.py:[0m4042} INFO[0m - [DAG TEST] end task task_id=generate_report map_index=-1[0m
[[34m2026-10-05T01:00:24.671+0500[0m] {[34mdag.py:[0m4028} INFO[0m - [DAG TEST] starting task_id=check_report_quality map_index=-1[0m
[[34m2026-10-05T01:00:24.673+0500[0m] {[34mdag.py:[0m4031} INFO[0m - [DAG TEST] running task <TaskInstance: popular_people_pipeline.check_report_quality manual__2024-01-01T00:00:00+00:00 [scheduled]>[0m
[2026-10-05 01:00:24,703] {taskinstance.py:2481} INFO - Exporting env vars: AIRFLOW_CTX_DAG_OWNER='student' AIRFLOW_CTX_DAG_ID='popular_people_pipeline' AIRFLOW_CTX_TASK_ID='check_report_quality' AIRFLOW_CTX_EXECUTION_DATE='2024-01-01T00:00:00+00:00' AIRFLOW_CTX_TRY_NUMBER='1' AIRFLOW_CTX_DAG_RUN_ID='manual__2024-01-01T00:00:00+00:00'
[[34m2026-10-05T01:00:24.703+0500[0m] {[34mtaskinstance.py:[0m2481} INFO[0m - Exporting env vars: AIRFLOW_CTX_DAG_OWNER='student' AIRFLOW_CTX_DAG_ID='popular_people_pipeline' AIRFLOW_CTX_TASK_ID='check_report_quality' AIRFLOW_CTX_EXECUTION_DATE='2024-01-01T00:00:00+00:00' AIRFLOW_CTX_TRY_NUMBER='1' AIRFLOW_CTX_DAG_RUN_ID='manual__2024-01-01T00:00:00+00:00'[0m
[2026-10-05 01:00:24,707] {python.py:201} INFO - Done. Returned value was: notify_success
[[34m2026-10-05T01:00:24.707+0500[0m] {[34mpython.py:[0m201} INFO[0m - Done. Returned value was: notify_success[0m
[2026-10-05 01:00:24,708] {branch.py:35} INFO - Branch into notify_success
[[34m2026-10-05T01:00:24.708+0500[0m] {[34mbranch.py:[0m35} INFO[0m - Branch into notify_success[0m
[2026-10-05 01:00:24,710] {skipmixin.py:178} INFO - Following branch notify_success
[[34m2026-10-05T01:00:24.710+0500[0m] {[34mskipmixin.py:[0m178} INFO[0m - Following branch notify_success[0m
[2026-10-05 01:00:24,718] {skipmixin.py:244} INFO - Skipping tasks [('notify_warning', -1)]
[[34m2026-10-05T01:00:24.718+0500[0m] {[34mskipmixin.py:[0m244} INFO[0m - Skipping tasks [('notify_warning', -1)][0m
[[34m2026-10-05T01:00:24.749+0500[0m] {[34mtaskinstance.py:[0m1138} INFO[0m - Marking task as SUCCESS. dag_id=popular_people_pipeline, task_id=check_report_quality, execution_date=20240101T000000, start_date=, end_date=20261004T200024[0m
[[34m2026-10-05T01:00:24.761+0500[0m] {[34mdag.py:[0m4042} INFO[0m - [DAG TEST] end task task_id=check_report_quality map_index=-1[0m
[[34m2026-10-05T01:00:24.779+0500[0m] {[34mdag.py:[0m4028} INFO[0m - [DAG TEST] starting task_id=notify_success map_index=-1[0m
[[34m2026-10-05T01:00:24.780+0500[0m] {[34mdag.py:[0m4031} INFO[0m - [DAG TEST] running task <TaskInstance: popular_people_pipeline.notify_success manual__2024-01-01T00:00:00+00:00 [scheduled]>[0m
[2026-10-05 01:00:24,802] {taskinstance.py:2481} INFO - Exporting env vars: AIRFLOW_CTX_DAG_OWNER='student' AIRFLOW_CTX_DAG_ID='popular_people_pipeline' AIRFLOW_CTX_TASK_ID='notify_success' AIRFLOW_CTX_EXECUTION_DATE='2024-01-01T00:00:00+00:00' AIRFLOW_CTX_TRY_NUMBER='1' AIRFLOW_CTX_DAG_RUN_ID='manual__2024-01-01T00:00:00+00:00'
[[34m2026-10-05T01:00:24.802+0500[0m] {[34mtaskinstance.py:[0m2481} INFO[0m - Exporting env vars: AIRFLOW_CTX_DAG_OWNER='student' AIRFLOW_CTX_DAG_ID='popular_people_pipeline' AIRFLOW_CTX_TASK_ID='notify_success' AIRFLOW_CTX_EXECUTION_DATE='2024-01-01T00:00:00+00:00' AIRFLOW_CTX_TRY_NUMBER='1' AIRFLOW_CTX_DAG_RUN_ID='manual__2024-01-01T00:00:00+00:00'[0m
Pipeline сәтті аяқталды: 9975 жол өңделді
[2026-10-05 01:00:24,805] {python.py:201} INFO - Done. Returned value was: Pipeline сәтті аяқталды: 9975 жол өңделді
[[34m2026-10-05T01:00:24.805+0500[0m] {[34mpython.py:[0m201} INFO[0m - Done. Returned value was: Pipeline сәтті аяқталды: 9975 жол өңделді[0m
[[34m2026-10-05T01:00:24.816+0500[0m] {[34mtaskinstance.py:[0m1138} INFO[0m - Marking task as SUCCESS. dag_id=popular_people_pipeline, task_id=notify_success, execution_date=20240101T000000, start_date=, end_date=20261004T200024[0m
[[34m2026-10-05T01:00:24.825+0500[0m] {[34mdag.py:[0m4042} INFO[0m - [DAG TEST] end task task_id=notify_success map_index=-1[0m
[[34m2026-10-05T01:00:24.843+0500[0m] {[34mdag.py:[0m4028} INFO[0m - [DAG TEST] starting task_id=end map_index=-1[0m
[[34m2026-10-05T01:00:24.845+0500[0m] {[34mdag.py:[0m4031} INFO[0m - [DAG TEST] running task <TaskInstance: popular_people_pipeline.end manual__2024-01-01T00:00:00+00:00 [scheduled]>[0m
[2026-10-05 01:00:24,883] {taskinstance.py:2481} INFO - Exporting env vars: AIRFLOW_CTX_DAG_OWNER='student' AIRFLOW_CTX_DAG_ID='popular_people_pipeline' AIRFLOW_CTX_TASK_ID='end' AIRFLOW_CTX_EXECUTION_DATE='2024-01-01T00:00:00+00:00' AIRFLOW_CTX_TRY_NUMBER='1' AIRFLOW_CTX_DAG_RUN_ID='manual__2024-01-01T00:00:00+00:00'
[[34m2026-10-05T01:00:24.883+0500[0m] {[34mtaskinstance.py:[0m2481} INFO[0m - Exporting env vars: AIRFLOW_CTX_DAG_OWNER='student' AIRFLOW_CTX_DAG_ID='popular_people_pipeline' AIRFLOW_CTX_TASK_ID='end' AIRFLOW_CTX_EXECUTION_DATE='2024-01-01T00:00:00+00:00' AIRFLOW_CTX_TRY_NUMBER='1' AIRFLOW_CTX_DAG_RUN_ID='manual__2024-01-01T00:00:00+00:00'[0m
[[34m2026-10-05T01:00:24.889+0500[0m] {[34mtaskinstance.py:[0m1138} INFO[0m - Marking task as SUCCESS. dag_id=popular_people_pipeline, task_id=end, execution_date=20240101T000000, start_date=, end_date=20261004T200024[0m
[[34m2026-10-05T01:00:24.957+0500[0m] {[34mdag.py:[0m4042} INFO[0m - [DAG TEST] end task task_id=end map_index=-1[0m
[[34m2026-10-05T01:00:24.961+0500[0m] {[34mdagrun.py:[0m732} INFO[0m - Marking run <DagRun popular_people_pipeline @ 2024-01-01 00:00:00+00:00: manual__2024-01-01T00:00:00+00:00, state:running, queued_at: None. externally triggered: False> successful[0m
[[34m2026-10-05T01:00:24.962+0500[0m] {[34mdagrun.py:[0m783} INFO[0m - DagRun Finished: dag_id=popular_people_pipeline, execution_date=2024-01-01 00:00:00+00:00, run_id=manual__2024-01-01T00:00:00+00:00, run_start_date=2024-01-01 00:00:00+00:00, run_end_date=2026-10-04 20:00:24.961975+00:00, run_duration=87076824.961975, state=success, external_trigger=False, run_type=manual, data_interval_start=2023-12-31 00:00:00+00:00, data_interval_end=2024-01-01 00:00:00+00:00, dag_hash=None[0m
popular_people_pipeline: SUCCESS, {'start': 'success', 'end': 'success', 'validate_data': 'success', 'check_schema': 'success', 'spark_load': 'success', 'spark_clean': 'success', 'spark_sql_analysis': 'success', 'spark_partition_write': 'success', 'generate_report': 'success', 'check_report_quality': 'success', 'notify_success': 'success', 'notify_warning': 'skipped'}
[[34m2026-10-05T01:00:24.976+0500[0m] {[34mdag.py:[0m4066} INFO[0m - dagrun id: popular_people_taskflow[0m
[[34m2026-10-05T01:00:24.981+0500[0m] {[34mdag.py:[0m4082} INFO[0m - created dagrun <DagRun popular_people_taskflow @ 2024-01-01T00:00:00+00:00: manual__2024-01-01T00:00:00+00:00, state:running, queued_at: None. externally triggered: False>[0m
[[34m2026-10-05T01:00:24.999+0500[0m] {[34mdag.py:[0m4028} INFO[0m - [DAG TEST] starting task_id=validate_data map_index=-1[0m
[[34m2026-10-05T01:00:25.000+0500[0m] {[34mdag.py:[0m4031} INFO[0m - [DAG TEST] running task <TaskInstance: popular_people_taskflow.validate_data manual__2024-01-01T00:00:00+00:00 [scheduled]>[0m
[2026-10-05 01:00:25,025] {taskinstance.py:2481} INFO - Exporting env vars: AIRFLOW_CTX_DAG_OWNER='student' AIRFLOW_CTX_DAG_ID='popular_people_taskflow' AIRFLOW_CTX_TASK_ID='validate_data' AIRFLOW_CTX_EXECUTION_DATE='2024-01-01T00:00:00+00:00' AIRFLOW_CTX_TRY_NUMBER='1' AIRFLOW_CTX_DAG_RUN_ID='manual__2024-01-01T00:00:00+00:00'
[[34m2026-10-05T01:00:25.025+0500[0m] {[34mtaskinstance.py:[0m2481} INFO[0m - Exporting env vars: AIRFLOW_CTX_DAG_OWNER='student' AIRFLOW_CTX_DAG_ID='popular_people_taskflow' AIRFLOW_CTX_TASK_ID='validate_data' AIRFLOW_CTX_EXECUTION_DATE='2024-01-01T00:00:00+00:00' AIRFLOW_CTX_TRY_NUMBER='1' AIRFLOW_CTX_DAG_RUN_ID='manual__2024-01-01T00:00:00+00:00'[0m
[2026-10-05 01:00:25,056] {python.py:201} INFO - Done. Returned value was: {'row_count': 9980, 'status': 'OK'}
[[34m2026-10-05T01:00:25.056+0500[0m] {[34mpython.py:[0m201} INFO[0m - Done. Returned value was: {'row_count': 9980, 'status': 'OK'}[0m
[[34m2026-10-05T01:00:25.071+0500[0m] {[34mtaskinstance.py:[0m1138} INFO[0m - Marking task as SUCCESS. dag_id=popular_people_taskflow, task_id=validate_data, execution_date=20240101T000000, start_date=, end_date=20261004T200025[0m
[[34m2026-10-05T01:00:25.084+0500[0m] {[34mdag.py:[0m4042} INFO[0m - [DAG TEST] end task task_id=validate_data map_index=-1[0m
[[34m2026-10-05T01:00:25.104+0500[0m] {[34mdag.py:[0m4028} INFO[0m - [DAG TEST] starting task_id=spark_load map_index=-1[0m
[[34m2026-10-05T01:00:25.105+0500[0m] {[34mdag.py:[0m4031} INFO[0m - [DAG TEST] running task <TaskInstance: popular_people_taskflow.spark_load manual__2024-01-01T00:00:00+00:00 [scheduled]>[0m
[2026-10-05 01:00:25,144] {taskinstance.py:2481} INFO - Exporting env vars: AIRFLOW_CTX_DAG_OWNER='student' AIRFLOW_CTX_DAG_ID='popular_people_taskflow' AIRFLOW_CTX_TASK_ID='spark_load' AIRFLOW_CTX_EXECUTION_DATE='2024-01-01T00:00:00+00:00' AIRFLOW_CTX_TRY_NUMBER='1' AIRFLOW_CTX_DAG_RUN_ID='manual__2024-01-01T00:00:00+00:00'
[[34m2026-10-05T01:00:25.144+0500[0m] {[34mtaskinstance.py:[0m2481} INFO[0m - Exporting env vars: AIRFLOW_CTX_DAG_OWNER='student' AIRFLOW_CTX_DAG_ID='popular_people_taskflow' AIRFLOW_CTX_TASK_ID='spark_load' AIRFLOW_CTX_EXECUTION_DATE='2024-01-01T00:00:00+00:00' AIRFLOW_CTX_TRY_NUMBER='1' AIRFLOW_CTX_DAG_RUN_ID='manual__2024-01-01T00:00:00+00:00'[0m
[2026-10-05 01:00:25,728] {python.py:201} INFO - Done. Returned value was: {'row_count': 9980, 'columns': ['name', 'gender', 'known_for_department', 'original_name', 'popularity'], 'spark_version': '3.4.0'}
[[34m2026-10-05T01:00:25.728+0500[0m] {[34mpython.py:[0m201} INFO[0m - Done. Returned value was: {'row_count': 9980, 'columns': ['name', 'gender', 'known_for_department', 'original_name', 'popularity'], 'spark_version': '3.4.0'}[0m
[[34m2026-10-05T01:00:25.743+0500[0m] {[34mtaskinstance.py:[0m1138} INFO[0m - Marking task as SUCCESS. dag_id=popular_people_taskflow, task_id=spark_load, execution_date=20240101T000000, start_date=, end_date=20261004T200025[0m
[[34m2026-10-05T01:00:25.760+0500[0m] {[34mdag.py:[0m4042} INFO[0m - [DAG TEST] end task task_id=spark_load map_index=-1[0m
[[34m2026-10-05T01:00:25.775+0500[0m] {[34mdag.py:[0m4028} INFO[0m - [DAG TEST] starting task_id=spark_clean map_index=-1[0m
[[34m2026-10-05T01:00:25.777+0500[0m] {[34mdag.py:[0m4031} INFO[0m - [DAG TEST] running task <TaskInstance: popular_people_taskflow.spark_clean manual__2024-01-01T00:00:00+00:00 [scheduled]>[0m
[2026-10-05 01:00:25,799] {taskinstance.py:2481} INFO - Exporting env vars: AIRFLOW_CTX_DAG_OWNER='student' AIRFLOW_CTX_DAG_ID='popular_people_taskflow' AIRFLOW_CTX_TASK_ID='spark_clean' AIRFLOW_CTX_EXECUTION_DATE='2024-01-01T00:00:00+00:00' AIRFLOW_CTX_TRY_NUMBER='1' AIRFLOW_CTX_DAG_RUN_ID='manual__2024-01-01T00:00:00+00:00'
[[34m2026-10-05T01:00:25.799+0500[0m] {[34mtaskinstance.py:[0m2481} INFO[0m - Exporting env vars: AIRFLOW_CTX_DAG_OWNER='student' AIRFLOW_CTX_DAG_ID='popular_people_taskflow' AIRFLOW_CTX_TASK_ID='spark_clean' AIRFLOW_CTX_EXECUTION_DATE='2024-01-01T00:00:00+00:00' AIRFLOW_CTX_TRY_NUMBER='1' AIRFLOW_CTX_DAG_RUN_ID='manual__2024-01-01T00:00:00+00:00'[0m
[2026-10-05 01:00:27,877] {python.py:201} INFO - Done. Returned value was: 9975
[[34m2026-10-05T01:00:27.877+0500[0m] {[34mpython.py:[0m201} INFO[0m - Done. Returned value was: 9975[0m
[[34m2026-10-05T01:00:27.900+0500[0m] {[34mtaskinstance.py:[0m1138} INFO[0m - Marking task as SUCCESS. dag_id=popular_people_taskflow, task_id=spark_clean, execution_date=20240101T000000, start_date=, end_date=20261004T200027[0m
[[34m2026-10-05T01:00:27.909+0500[0m] {[34mdag.py:[0m4042} INFO[0m - [DAG TEST] end task task_id=spark_clean map_index=-1[0m
[[34m2026-10-05T01:00:27.914+0500[0m] {[34mdagrun.py:[0m732} INFO[0m - Marking run <DagRun popular_people_taskflow @ 2024-01-01 00:00:00+00:00: manual__2024-01-01T00:00:00+00:00, state:running, queued_at: None. externally triggered: False> successful[0m
[[34m2026-10-05T01:00:27.915+0500[0m] {[34mdagrun.py:[0m783} INFO[0m - DagRun Finished: dag_id=popular_people_taskflow, execution_date=2024-01-01 00:00:00+00:00, run_id=manual__2024-01-01T00:00:00+00:00, run_start_date=2024-01-01 00:00:00+00:00, run_end_date=2026-10-04 20:00:27.915801+00:00, run_duration=87076827.915801, state=success, external_trigger=False, run_type=manual, data_interval_start=2023-12-31 00:00:00+00:00, data_interval_end=2024-01-01 00:00:00+00:00, dag_hash=None[0m
popular_people_taskflow: SUCCESS, {'validate_data': 'success', 'spark_load': 'success', 'spark_clean': 'success'}
[[34m2026-10-05T01:00:27.941+0500[0m] {[34mclientserver.py:[0m543} INFO[0m - Closing down clientserver connection[0m
